[07:31:23] [ServerMain/INFO]: Environment: Environment[sessionHost=https://sessionserver.mojang.com, servicesHost=https://api.minecraftservices.com, name=PROD]
[07:31:23] [ServerMain/WARN]: Missing data pack mod:forge
[07:31:23] [ServerMain/WARN]: Missing data pack mod:geckolib
[07:31:23] [ServerMain/WARN]: Missing data pack mod:playeranimator
[07:31:23] [ServerMain/WARN]: Missing data pack mod:jei
[07:31:23] [ServerMain/WARN]: Missing data pack mod:tacz
[07:31:23] [ServerMain/WARN]: Missing data pack mod:curios
[07:31:23] [ServerMain/WARN]: Missing data pack mod:citadel
[07:31:23] [ServerMain/WARN]: Missing data pack mod:alexsmobs
[07:31:23] [ServerMain/WARN]: Missing data pack mod:securitycraft
[07:31:23] [ServerMain/WARN]: Missing data pack mod:armoroftheages
[07:31:23] [ServerMain/WARN]: Missing data pack mod:mixinextras
[07:31:23] [ServerMain/WARN]: Missing data pack mod:connectormod
[07:31:23] [ServerMain/WARN]: Missing data pack mod:immediatelyfast
[07:31:23] [ServerMain/WARN]: Missing data pack mod:yet_another_config_lib_v3
[07:31:23] [ServerMain/WARN]: Missing data pack mod:terralith
[07:31:23] [ServerMain/WARN]: Missing data pack mod:carryon
[07:31:23] [ServerMain/WARN]: Missing data pack mod:skinlayers3d
[07:31:23] [ServerMain/WARN]: Missing data pack mod:paraglider
[07:31:23] [ServerMain/WARN]: Missing data pack mod:cloth_config
[07:31:23] [ServerMain/WARN]: Missing data pack mod:voicechat
[07:31:23] [ServerMain/WARN]: Missing data pack mod:bettercombat
[07:31:23] [ServerMain/WARN]: Missing data pack mod:appleskin
[07:31:23] [ServerMain/WARN]: Missing data pack mod:rpgsmw
[07:31:23] [ServerMain/WARN]: Missing data pack mod:cosmeticarmorreworked
[07:31:23] [ServerMain/WARN]: Missing data pack tacz_resources
[07:31:24] [ServerMain/WARN]: Failed to load datapacks, can't proceed with server load. You can either fix your datapacks or reset to vanilla with --safeMode
java.util.concurrent.ExecutionException: java.lang.IllegalStateException: Overworld settings missing
	at java.base/java.util.concurrent.CompletableFuture.reportGet(CompletableFuture.java:396) ~[?:?]
	at java.base/java.util.concurrent.CompletableFuture.get(CompletableFuture.java:2073) ~[?:?]
	at net.minecraft.server.Main.main(SourceFile:229) ~[server-1.21.jar:?]
	at net.minecraft.bundler.Main.lambda$run$0(Main.java:54) ~[?:?]
	at java.base/java.lang.Thread.run(Thread.java:1583) [?:?]
Caused by: java.lang.IllegalStateException: Overworld settings missing
	at dzt.<init>(SourceFile:56) ~[server-1.21.jar:?]
	at com.mojang.serialization.codecs.RecordCodecBuilder$Instance$1.lambda$decode$0(RecordCodecBuilder.java:185) ~[datafixerupper-8.0.16.jar:?]
	at com.mojang.serialization.DataResult$Success.map(DataResult.java:175) ~[datafixerupper-8.0.16.jar:?]
	at com.mojang.serialization.codecs.RecordCodecBuilder$Instance$1.lambda$decode$1(RecordCodecBuilder.java:184) ~[datafixerupper-8.0.16.jar:?]
	at com.mojang.serialization.DataResult$Error.flatMap(DataResult.java:335) ~[datafixerupper-8.0.16.jar:?]
	at com.mojang.serialization.DataResult$Error.flatMap(DataResult.java:250) ~[datafixerupper-8.0.16.jar:?]
	at com.mojang.serialization.codecs.RecordCodecBuilder$Instance$1.decode(RecordCodecBuilder.java:183) ~[datafixerupper-8.0.16.jar:?]
	at com.mojang.serialization.codecs.RecordCodecBuilder$2.decode(RecordCodecBuilder.java:107) ~[datafixerupper-8.0.16.jar:?]
	at com.mojang.serialization.codecs.RecordCodecBuilder$Instance$3.decode(RecordCodecBuilder.java:249) ~[datafixerupper-8.0.16.jar:?]
	at com.mojang.serialization.codecs.RecordCodecBuilder$2.decode(RecordCodecBuilder.java:107) ~[datafixerupper-8.0.16.jar:?]
	at com.mojang.serialization.MapDecoder.lambda$compressedDecode$1(MapDecoder.java:52) ~[datafixerupper-8.0.16.jar:?]
	at com.mojang.serialization.DataResult$Success.flatMap(DataResult.java:201) ~[datafixerupper-8.0.16.jar:?]
	at com.mojang.serialization.MapDecoder.compressedDecode(MapDecoder.java:52) ~[datafixerupper-8.0.16.jar:?]
	at com.mojang.serialization.MapCodec$MapCodecCodec.decode(MapCodec.java:158) ~[datafixerupper-8.0.16.jar:?]
	at com.mojang.serialization.Decoder.decode(Decoder.java:22) ~[datafixerupper-8.0.16.jar:?]
	at com.mojang.serialization.Decoder.parse(Decoder.java:26) ~[datafixerupper-8.0.16.jar:?]
	at erf.a(SourceFile:135) ~[server-1.21.jar:?]
	at net.minecraft.server.Main.a(SourceFile:189) ~[server-1.21.jar:?]
	at alo.a(SourceFile:40) ~[server-1.21.jar:?]
	at net.minecraft.server.Main.a(SourceFile:184) ~[server-1.21.jar:?]
	at ad.a(SourceFile:1018) ~[server-1.21.jar:?]
	at ad.c(SourceFile:1012) ~[server-1.21.jar:?]
	at net.minecraft.server.Main.main(SourceFile:182) ~[server-1.21.jar:?]
	... 2 more
